I'm sorry, but errors were detected in your script. Please correct the
errors listed below, and try again.


File "game/script.rpy", line 79: Line is indented, but the preceding say statement statement does not expect a block. Please check this line's indentation.
    return
    ^

Ren'Py Version: Ren'Py 6.16.5.525
